src/components/CosmeticAdvisor.tsx(227,34): error TS2304: Cannot find name 'handleReset'.
src/components/CosmeticAdvisor.tsx(424,52): error TS2304: Cannot find name 'handleReset'.
